plugin_register tokenizers/white
[[0,0.0,0.0],true]
table_create white_words TABLE_PAT_KEY ShortText
[[0,0.0,0.0],true]
load --table white_words
[
{"_key": "装置"}
]
[[0,0.0,0.0],1]
tokenize TokenWhite "情報"
[[0,0.0,0.0],[]]
